R { funcs = [(0x801c, [(0x801c, 20)])
            ]
  , ignoreBlocks = [0x803c]
  }
