R { funcs = [ (0x8000, [(0x8000, 24), (0x8018,24), (0x802c,4), (0x8030,16)])
            ]
  , ignoreBlocks = []
  }
