R { funcs = [ (0x8000, [(0x8000, 12), (0x800c,16)])
            ]
  , ignoreBlocks = [0x803c]
  }
