R { funcs = [ (0x8001, [(0x8001, 6), (0x8007,10)])
            ]
  , ignoreBlocks = []
  }
