R { funcs = [(0x10000148, [(0x10000148, 252)])]
  , ignoreBlocks = [0x10000244]
  }