R { funcs = [(0x10000148, [0x10000148])]
  , ignoreBlocks = [0x1000015c]
  }