R { funcs = [(Addr 1 0x2b1, [(Addr 1 0x2b1, 37)])]
  , ignoreBlocks = [Addr 1 0x2d6]
  }
