R { funcs = [ (0x2d0, [(0x2d0, 11), (0x2c0, 7)])
            , (0x2e0, [(0x2e0, 11), (0x2eb, 16)])
            ]
  , ignoreBlocks = [0x2fb]
  }
