R { funcs = [(0x2b1, [(0x2b1, 14), (0x2ce, 16), (0x2bf, 31)])]
  , ignoreBlocks = [0x2de]
  }
