R { funcs = [ (0x2b1, [(0x2b1, 14)])
            , (0x2bf, [(0x2bf, 35), (0x2e2, 22)])
            ]
  , ignoreBlocks = [0x2f8]
  }
