R { funcs = [(Addr 1 0x2b1, [(Addr 1 0x2b1, 14), (Addr 1 0x2ce , 16), (Addr 1 0x2bf, 15)])]
  , ignoreBlocks = [Addr 1 0x2de]
  }
