R { funcs = [(0x400144, [(0x400144, 14), (0x40014c, 6), (0x400152, 7)])]
  , ignoreBlocks = []
  }
