R { funcs = [ (0x336, [(0x336, 64), (0x376, 22)])
            , (0x2be, [(0x2be, 90), (0x318, 30)])
            , (0x2b1, [(0x2b1, 13)])
            ]
  , ignoreBlocks = [0x38c]
  }
